rewriting: /home/jcw/code/jeeh-dev/tests/basic/defs.h
rewriting: ../include/jee-stm32.h
rewriting: ../include/jee.h
load to RAM: t00
load to RAM: t01
load to RAM: t02
load to RAM: t03
load to RAM: t04
load to RAM: t05
load to RAM: t06
load to RAM: t07
load to RAM: t08
load to RAM: t09
load to RAM: t10
load to RAM: t11
load to RAM: t12
load to RAM: t13

TEST
d42250000

[Hard Fault]  SP=20003fc0  HFSR=40000000  CFSR=00020000
  Usage fault 0002
	 R0=200036f0  R1=00000025  R2=00000015  R3=20003820
	R12=0c000000  LR=2000195b  PC=20003820 PSR=20000035
failed at de/jeeh-dev/tests/basic/test.h:68
failed caller: 0xfffffff1
FAIL
*** [check] Explicit exit, status 1
========================== [FAILED] Took 1.48 seconds ==========================
load to RAM: t14
load to RAM: t15
load to RAM: t16
load to RAM: t17
load to RAM: t18
load to RAM: t19
load to RAM: t20
load to RAM: t21
load to RAM: t22
load to RAM: t23

Environment    Status    Duration
-------------  --------  ------------
t13            FAILED    00:00:01.484
==================== 1 failed, 23 succeeded in 00:00:38.821 ====================
