rewriting: /home/jcw/code/jeeh-dev/tests/basic/defs.h
rewriting: ../include/jee-stm32.h
rewriting: ../include/jee.h
load to RAM: t00
load to RAM: t01
load to RAM: t02
load to RAM: t03
load to RAM: t04
load to RAM: t05
load to RAM: t06
load to RAM: t07
load to RAM: t08
load to RAM: t09
load to RAM: t10
load to RAM: t11
load to RAM: t12
load to RAM: t13
load to RAM: t14
load to RAM: t15
load to RAM: t16
load to RAM: t17
load to RAM: t18
load to RAM: t19
load to RAM: t20
load to RAM: t21

TEST
one 0x20007fac t 0x20007fc4 c 0x20007fd4 two 0x20007f7c t 0x20007f90
10
11 A
20 s0 0x20007f68 d0 tA
20 s1 0x20007fc4 d64 tT
12 A
20 s2 0x20007f68 d0 tB
20 s3 0x20007fc4 d64 tT
13 B
20 s4 0x20007f68 d0 tC
30 s10 0x20007fd4 d1 tX
30 s11 0x20007f90 d64 tT
20 s5 0x20007fd4 d2 tX
failed at /jcw/code/jeeh-dev/src/sys.cpp:409
failed caller: 0x20000f35
FAIL
*** [check] Explicit exit, status 1
========================== [FAILED] Took 1.19 seconds ==========================
load to RAM: t22

Environment    Status    Duration
-------------  --------  ------------
t00            SUCCESS   00:00:01.160
t01            SUCCESS   00:00:01.161
t02            SUCCESS   00:00:01.202
t03            SUCCESS   00:00:01.178
t04            SUCCESS   00:00:01.193
t05            SUCCESS   00:00:01.182
t06            SUCCESS   00:00:01.164
t07            SUCCESS   00:00:01.174
t08            SUCCESS   00:00:01.168
t09            SUCCESS   00:00:01.209
t10            SUCCESS   00:00:01.181
t11            SUCCESS   00:00:01.242
t12            SUCCESS   00:00:01.226
t13            SUCCESS   00:00:01.232
t14            SUCCESS   00:00:01.766
t15            SUCCESS   00:00:01.180
t16            SUCCESS   00:00:02.490
t17            SUCCESS   00:00:01.172
t18            SUCCESS   00:00:02.277
t19            SUCCESS   00:00:01.870
t20            SUCCESS   00:00:01.174
t21            FAILED    00:00:01.186
t22            SUCCESS   00:00:03.336
==================== 1 failed, 22 succeeded in 00:00:33.123 ====================
