rewriting: /home/jcw/code/jeeh-dev/tests/basic/defs.h
rewriting: ../include/jee-stm32.h
rewriting: ../include/jee.h
load to RAM: i2c
load to RAM: t00
load to RAM: t01
load to RAM: t02
load to RAM: t03
load to RAM: t04
load to RAM: t05
load to RAM: t06
load to RAM: t07
load to RAM: t08
load to RAM: t09
load to RAM: t10
load to RAM: t11
load to RAM: t12
load to RAM: t13
load to RAM: t14
load to RAM: t15
load to RAM: t16
load to RAM: t17
load to RAM: t18
load to RAM: t19
load to RAM: t20
load to RAM: t21

TEST
one 0x2000ffac t 0x2000ffc4 c 0x2000ffd4 two 0x2000ff7c t 0x2000ff90
10
11 A
20 s0 0x2000ff68 d0 tA
20 s1 0x2000ffc4 d64 tT
12 A
20 s2 0x2000ff68 d0 tB
20 s3 0x2000ffc4 d64 tT
13 B
20 s4 0x2000ff68 d0 tC
30 s10 0x2000ffd4 d1 tX
30 s11 0x2000ff90 d64 tT
20 s5 0x2000ffd4 d2 tX
failed at /jcw/code/jeeh-dev/src/sys.cpp:409
failed caller: 0x20000f61
FAIL
*** [check] Explicit exit, status 1
========================== [FAILED] Took 1.79 seconds ==========================
load to RAM: t22

TEST
1: 405904948
TIMEOUT
*** [check] Explicit exit, status 1
========================== [FAILED] Took 2.25 seconds ==========================

Environment    Status    Duration
-------------  --------  ------------
i2c            SUCCESS   00:00:01.847
t00            SUCCESS   00:00:01.615
t01            SUCCESS   00:00:01.707
t02            SUCCESS   00:00:01.868
t03            SUCCESS   00:00:01.715
t04            SUCCESS   00:00:01.733
t05            SUCCESS   00:00:01.750
t06            SUCCESS   00:00:01.729
t07            SUCCESS   00:00:01.724
t08            SUCCESS   00:00:01.708
t09            SUCCESS   00:00:01.785
t10            SUCCESS   00:00:01.765
t11            SUCCESS   00:00:01.808
t12            SUCCESS   00:00:01.784
t13            SUCCESS   00:00:01.924
t14            SUCCESS   00:00:02.388
t15            SUCCESS   00:00:01.770
t16            SUCCESS   00:00:03.052
t17            SUCCESS   00:00:01.721
t18            SUCCESS   00:00:03.031
t19            SUCCESS   00:00:02.490
t20            SUCCESS   00:00:01.731
t21            FAILED    00:00:01.786
t22            FAILED    00:00:02.247
==================== 2 failed, 22 succeeded in 00:00:46.677 ====================
