rewriting: /home/jcw/code/jeeh-dev/tests/basic/defs.h
rewriting: ../include/jee-stm32.h
rewriting: ../include/jee.h
load to RAM: t00
load to RAM: t01
load to RAM: t02
load to RAM: t03
load to RAM: t04
load to RAM: t05
load to RAM: t06
load to RAM: t07
load to RAM: t08
load to RAM: t09
load to RAM: t10
load to RAM: t11
load to RAM: t12
load to RAM: t13
load to RAM: t14
load to RAM: t15
load to RAM: t16
load to RAM: t17
load to RAM: t18
load to RAM: t19
load to RAM: t20
load to RAM: t21
load to RAM: t22
load to RAM: t23

TEST
wait 10
send 15
recv
20 ms: 19
TIMEOUT
*** [check] Explicit exit, status 1
========================== [FAILED] Took 2.44 seconds ==========================

Environment    Status    Duration
-------------  --------  ------------
t23            FAILED    00:00:02.443
==================== 1 failed, 23 succeeded in 00:00:51.319 ====================
